.res IMAGE1
.ubin
.include "image1.png"

.res IMAGE2
.ubin
.include "image2.png"

.res IMAGE3
.ubin
.include "image3.png"

.res IMAGE4
.ubin
.include "image4.png"

.res IMAGE5
.ubin
.include "image5.png"

.res IMAGE6
.ubin
.include "image6.png"

.res IMAGE7
.ubin
.include "image1.png"

.res IMAGE8
.ubin
.include "image2.png"

.res IMAGE9
.ubin
.include "image3.png"

.res IMAGE10
.ubin
.include "image4.png"

.res IMAGE11
.ubin
.include "image5.png"

.res IMAGE12
.ubin
.include "image6.png"

.res IMAGE13
.ubin
.include "image1.png"

.res IMAGE14
.ubin
.include "image2.png"

.res IMAGE15
.ubin
.include "image3.png"

.res IMAGE16
.ubin
.include "image4.png"

.res IMAGE17
.ubin
.include "image5.png"

.res IMAGE18
.ubin
.include "image6.png"

.res IMAGE19
.ubin
.include "image1.png"

.res IMAGE20
.ubin
.include "image2.png"

.res IMAGE21
.ubin
.include "image3.png"

.res IMAGE22
.ubin
.include "image4.png"

.res IMAGE23
.ubin
.include "image5.png"

.res IMAGE24
.ubin
.include "image6.png"

.res IMAGE25
.ubin
.include "image1.png"

.res IMAGE26
.ubin
.include "image2.png"

.res IMAGE27
.ubin
.include "image3.png"

.res IMAGE28
.ubin
.include "image4.png"

.res IMAGE29
.ubin
.include "image5.png"

.res IMAGE30
.ubin
.include "image6.png"

.res IMAGE31
.ubin
.include "image1.png"

.res IMAGE32
.ubin
.include "image2.png"

.res IMAGE33
.ubin
.include "image3.png"

.res IMAGE34
.ubin
.include "image4.png"

.res IMAGE35
.ubin
.include "image5.png"

.res IMAGE36
.ubin
.include "image6.png"

.res IMAGE37
.ubin
.include "image1.png"

.res IMAGE38
.ubin
.include "image2.png"

.res IMAGE39
.ubin
.include "image3.png"

.res IMAGE40
.ubin
.include "image4.png"

.res IMAGE41
.ubin
.include "image5.png"

.res IMAGE42
.ubin
.include "image6.png"

.res IMAGE43
.ubin
.include "image1.png"

.res IMAGE44
.ubin
.include "image2.png"

.res IMAGE45
.ubin
.include "image3.png"

.res IMAGE46
.ubin
.include "image4.png"

.res IMAGE47
.ubin
.include "image5.png"

.res IMAGE48
.ubin
.include "image6.png"